Sur un rayon de 5km, l'indice atmo a diminué de : 0
Sur un rayon de 10km, l'indice atmo a diminué de : 0
Sur un rayon de 15km, l'indice atmo a diminué de : 0
Sur un rayon de 20km, l'indice atmo a diminué de : 0
Sur un rayon de 25km, l'indice atmo a diminué de : -6
Sur un rayon de 30km, l'indice atmo a diminué de : -6
Sur un rayon de 35km, l'indice atmo a diminué de : -6
Sur un rayon de 40km, l'indice atmo a diminué de : -6
Sur un rayon de 45km, l'indice atmo a diminué de : -6
Sur un rayon de 50km, l'indice atmo a diminué de : -6