0 - Sensor0
0.5867 - Sensor2
1.116 - Sensor4
1.129 - Sensor3